client/src/pages/reports.tsx(2,24): error TS2307: Cannot find module '@/components/ui/button' or its corresponding type declarations.
client/src/pages/reports.tsx(3,75): error TS2307: Cannot find module '@/components/ui/card' or its corresponding type declarations.
client/src/pages/reports.tsx(4,79): error TS2307: Cannot find module '@/components/ui/table' or its corresponding type declarations.
client/src/pages/reports.tsx(5,79): error TS2307: Cannot find module '@/components/ui/select' or its corresponding type declarations.
client/src/pages/reports.tsx(6,23): error TS2307: Cannot find module '@/components/ui/label' or its corresponding type declarations.
client/src/pages/reports.tsx(7,23): error TS2307: Cannot find module '@/components/ui/badge' or its corresponding type declarations.
client/src/pages/reports.tsx(9,66): error TS2307: Cannot find module '@/components/ui/dialog' or its corresponding type declarations.
client/src/pages/reports.tsx(10,23): error TS2307: Cannot find module '@/components/ui/input' or its corresponding type declarations.
client/src/pages/reports.tsx(11,26): error TS2307: Cannot find module '@/components/ui/textarea' or its corresponding type declarations.
client/src/pages/reports.tsx(15,143): error TS2307: Cannot find module '@/lib/api' or its corresponding type declarations.
client/src/pages/reports.tsx(16,26): error TS2307: Cannot find module '@/hooks/use-toast' or its corresponding type declarations.
client/src/pages/reports.tsx(17,25): error TS2307: Cannot find module '@/contexts/AuthContext' or its corresponding type declarations.
client/src/pages/reports.tsx(18,50): error TS2307: Cannot find module '@/lib/grading' or its corresponding type declarations.
client/src/pages/reports.tsx(19,41): error TS2307: Cannot find module '@/components/ui/alert' or its corresponding type declarations.
client/src/pages/reports.tsx(322,9): error TS2451: Cannot redeclare block-scoped variable 'sortedStudentsByRank'.
client/src/pages/reports.tsx(851,7): error TS17004: Cannot use JSX unless the '--jsx' flag is provided.
client/src/pages/reports.tsx(852,9): error TS17004: Cannot use JSX unless the '--jsx' flag is provided.
client/src/pages/reports.tsx(859,7): error TS17004: Cannot use JSX unless the '--jsx' flag is provided.
client/src/pages/reports.tsx(860,9): error TS17004: Cannot use JSX unless the '--jsx' flag is provided.
client/src/pages/reports.tsx(861,11): error TS17004: Cannot use JSX unless the '--jsx' flag is provided.
client/src/pages/reports.tsx(862,11): error TS17004: Cannot use JSX unless the '--jsx' flag is provided.
client/src/pages/reports.tsx(871,11): error TS17004: Cannot use JSX unless the '--jsx' flag is provided.
client/src/pages/reports.tsx(872,13): error TS17004: Cannot use JSX unless the '--jsx' flag is provided.
client/src/pages/reports.tsx(873,13): error TS17004: Cannot use JSX unless the '--jsx' flag is provided.
client/src/pages/reports.tsx(880,9): error TS17004: Cannot use JSX unless the '--jsx' flag is provided.
client/src/pages/reports.tsx(881,11): error TS17004: Cannot use JSX unless the '--jsx' flag is provided.
client/src/pages/reports.tsx(882,13): error TS17004: Cannot use JSX unless the '--jsx' flag is provided.
client/src/pages/reports.tsx(884,11): error TS17004: Cannot use JSX unless the '--jsx' flag is provided.
client/src/pages/reports.tsx(885,13): error TS17004: Cannot use JSX unless the '--jsx' flag is provided.
client/src/pages/reports.tsx(886,15): error TS17004: Cannot use JSX unless the '--jsx' flag is provided.
client/src/pages/reports.tsx(887,17): error TS17004: Cannot use JSX unless the '--jsx' flag is provided.
client/src/pages/reports.tsx(888,17): error TS17004: Cannot use JSX unless the '--jsx' flag is provided.
client/src/pages/reports.tsx(889,19): error TS17004: Cannot use JSX unless the '--jsx' flag is provided.
client/src/pages/reports.tsx(890,21): error TS17004: Cannot use JSX unless the '--jsx' flag is provided.
client/src/pages/reports.tsx(892,19): error TS17004: Cannot use JSX unless the '--jsx' flag is provided.
client/src/pages/reports.tsx(894,23): error TS17004: Cannot use JSX unless the '--jsx' flag is provided.
client/src/pages/reports.tsx(904,15): error TS17004: Cannot use JSX unless the '--jsx' flag is provided.
client/src/pages/reports.tsx(905,17): error TS17004: Cannot use JSX unless the '--jsx' flag is provided.
client/src/pages/reports.tsx(906,17): error TS17004: Cannot use JSX unless the '--jsx' flag is provided.
client/src/pages/reports.tsx(908,21): error TS17004: Cannot use JSX unless the '--jsx' flag is provided.
client/src/pages/reports.tsx(918,25): error TS17004: Cannot use JSX unless the '--jsx' flag is provided.
client/src/pages/reports.tsx(928,9): error TS17004: Cannot use JSX unless the '--jsx' flag is provided.
client/src/pages/reports.tsx(937,15): error TS17004: Cannot use JSX unless the '--jsx' flag is provided.
client/src/pages/reports.tsx(944,17): error TS17004: Cannot use JSX unless the '--jsx' flag is provided.
client/src/pages/reports.tsx(945,19): error TS17004: Cannot use JSX unless the '--jsx' flag is provided.
client/src/pages/reports.tsx(946,21): error TS17004: Cannot use JSX unless the '--jsx' flag is provided.
client/src/pages/reports.tsx(947,21): error TS17004: Cannot use JSX unless the '--jsx' flag is provided.
client/src/pages/reports.tsx(950,17): error TS17004: Cannot use JSX unless the '--jsx' flag is provided.
client/src/pages/reports.tsx(951,19): error TS17004: Cannot use JSX unless the '--jsx' flag is provided.
client/src/pages/reports.tsx(952,21): error TS17004: Cannot use JSX unless the '--jsx' flag is provided.
client/src/pages/reports.tsx(953,21): error TS17004: Cannot use JSX unless the '--jsx' flag is provided.
client/src/pages/reports.tsx(954,21): error TS17004: Cannot use JSX unless the '--jsx' flag is provided.
client/src/pages/reports.tsx(959,21): error TS17004: Cannot use JSX unless the '--jsx' flag is provided.
client/src/pages/reports.tsx(970,11): error TS17004: Cannot use JSX unless the '--jsx' flag is provided.
client/src/pages/reports.tsx(971,13): error TS17004: Cannot use JSX unless the '--jsx' flag is provided.
client/src/pages/reports.tsx(986,9): error TS2451: Cannot redeclare block-scoped variable 'sortedStudentsByRank'.
client/src/pages/reports.tsx(993,5): error TS17004: Cannot use JSX unless the '--jsx' flag is provided.
client/src/pages/reports.tsx(994,7): error TS17004: Cannot use JSX unless the '--jsx' flag is provided.
client/src/pages/reports.tsx(995,9): error TS17004: Cannot use JSX unless the '--jsx' flag is provided.
client/src/pages/reports.tsx(996,11): error TS17004: Cannot use JSX unless the '--jsx' flag is provided.
client/src/pages/reports.tsx(1002,13): error TS17004: Cannot use JSX unless the '--jsx' flag is provided.
client/src/pages/reports.tsx(1004,11): error TS17004: Cannot use JSX unless the '--jsx' flag is provided.
client/src/pages/reports.tsx(1005,13): error TS17004: Cannot use JSX unless the '--jsx' flag is provided.
client/src/pages/reports.tsx(1006,13): error TS17004: Cannot use JSX unless the '--jsx' flag is provided.
client/src/pages/reports.tsx(1009,9): error TS17004: Cannot use JSX unless the '--jsx' flag is provided.
client/src/pages/reports.tsx(1010,11): error TS17004: Cannot use JSX unless the '--jsx' flag is provided.
client/src/pages/reports.tsx(1017,13): error TS17004: Cannot use JSX unless the '--jsx' flag is provided.
client/src/pages/reports.tsx(1019,11): error TS17004: Cannot use JSX unless the '--jsx' flag is provided.
client/src/pages/reports.tsx(1026,13): error TS17004: Cannot use JSX unless the '--jsx' flag is provided.
client/src/pages/reports.tsx(1028,11): error TS17004: Cannot use JSX unless the '--jsx' flag is provided.
client/src/pages/reports.tsx(1036,15): error TS17004: Cannot use JSX unless the '--jsx' flag is provided.
client/src/pages/reports.tsx(1038,15): error TS17004: Cannot use JSX unless the '--jsx' flag is provided.
client/src/pages/reports.tsx(1046,9): error TS17004: Cannot use JSX unless the '--jsx' flag is provided.
client/src/pages/reports.tsx(1047,11): error TS17004: Cannot use JSX unless the '--jsx' flag is provided.
client/src/pages/reports.tsx(1048,11): error TS17004: Cannot use JSX unless the '--jsx' flag is provided.
client/src/pages/reports.tsx(1054,7): error TS17004: Cannot use JSX unless the '--jsx' flag is provided.
client/src/pages/reports.tsx(1055,9): error TS17004: Cannot use JSX unless the '--jsx' flag is provided.
client/src/pages/reports.tsx(1056,11): error TS17004: Cannot use JSX unless the '--jsx' flag is provided.
client/src/pages/reports.tsx(1057,13): error TS17004: Cannot use JSX unless the '--jsx' flag is provided.
client/src/pages/reports.tsx(1058,13): error TS17004: Cannot use JSX unless the '--jsx' flag is provided.
client/src/pages/reports.tsx(1059,13): error TS17004: Cannot use JSX unless the '--jsx' flag is provided.
client/src/pages/reports.tsx(1062,9): error TS17004: Cannot use JSX unless the '--jsx' flag is provided.
client/src/pages/reports.tsx(1063,11): error TS17004: Cannot use JSX unless the '--jsx' flag is provided.
client/src/pages/reports.tsx(1064,13): error TS17004: Cannot use JSX unless the '--jsx' flag is provided.
client/src/pages/reports.tsx(1065,15): error TS17004: Cannot use JSX unless the '--jsx' flag is provided.
client/src/pages/reports.tsx(1065,21): error TS17004: Cannot use JSX unless the '--jsx' flag is provided.
client/src/pages/reports.tsx(1066,15): error TS17004: Cannot use JSX unless the '--jsx' flag is provided.
client/src/pages/reports.tsx(1066,21): error TS17004: Cannot use JSX unless the '--jsx' flag is provided.
client/src/pages/reports.tsx(1068,13): error TS17004: Cannot use JSX unless the '--jsx' flag is provided.
client/src/pages/reports.tsx(1071,11): error TS17004: Cannot use JSX unless the '--jsx' flag is provided.
client/src/pages/reports.tsx(1072,13): error TS17004: Cannot use JSX unless the '--jsx' flag is provided.
client/src/pages/reports.tsx(1073,15): error TS17004: Cannot use JSX unless the '--jsx' flag is provided.
client/src/pages/reports.tsx(1074,17): error TS17004: Cannot use JSX unless the '--jsx' flag is provided.
client/src/pages/reports.tsx(1075,19): error TS17004: Cannot use JSX unless the '--jsx' flag is provided.
client/src/pages/reports.tsx(1077,21): error TS17004: Cannot use JSX unless the '--jsx' flag is provided.
client/src/pages/reports.tsx(1081,19): error TS17004: Cannot use JSX unless the '--jsx' flag is provided.
client/src/pages/reports.tsx(1082,19): error TS17004: Cannot use JSX unless the '--jsx' flag is provided.
client/src/pages/reports.tsx(1083,19): error TS17004: Cannot use JSX unless the '--jsx' flag is provided.
client/src/pages/reports.tsx(1086,15): error TS17004: Cannot use JSX unless the '--jsx' flag is provided.
client/src/pages/reports.tsx(1095,21): error TS17004: Cannot use JSX unless the '--jsx' flag is provided.
client/src/pages/reports.tsx(1101,23): error TS17004: Cannot use JSX unless the '--jsx' flag is provided.
client/src/pages/reports.tsx(1108,27): error TS17004: Cannot use JSX unless the '--jsx' flag is provided.
client/src/pages/reports.tsx(1109,29): error TS17004: Cannot use JSX unless the '--jsx' flag is provided.
client/src/pages/reports.tsx(1116,29): error TS17004: Cannot use JSX unless the '--jsx' flag is provided.
client/src/pages/reports.tsx(1126,23): error TS17004: Cannot use JSX unless the '--jsx' flag is provided.
client/src/pages/reports.tsx(1129,23): error TS17004: Cannot use JSX unless the '--jsx' flag is provided.
client/src/pages/reports.tsx(1132,23): error TS17004: Cannot use JSX unless the '--jsx' flag is provided.
client/src/pages/reports.tsx(1139,19): error TS17004: Cannot use JSX unless the '--jsx' flag is provided.
client/src/pages/reports.tsx(1140,21): error TS17004: Cannot use JSX unless the '--jsx' flag is provided.
client/src/pages/reports.tsx(1149,11): error TS17004: Cannot use JSX unless the '--jsx' flag is provided.
client/src/pages/reports.tsx(1150,13): error TS17004: Cannot use JSX unless the '--jsx' flag is provided.
client/src/pages/reports.tsx(1151,15): error TS17004: Cannot use JSX unless the '--jsx' flag is provided.
client/src/pages/reports.tsx(1153,13): error TS17004: Cannot use JSX unless the '--jsx' flag is provided.
client/src/pages/reports.tsx(1154,15): error TS17004: Cannot use JSX unless the '--jsx' flag is provided.
client/src/pages/reports.tsx(1155,17): error TS17004: Cannot use JSX unless the '--jsx' flag is provided.
client/src/pages/reports.tsx(1157,15): error TS17004: Cannot use JSX unless the '--jsx' flag is provided.
client/src/pages/reports.tsx(1159,19): error TS17004: Cannot use JSX unless the '--jsx' flag is provided.
client/src/pages/reports.tsx(1169,7): error TS17004: Cannot use JSX unless the '--jsx' flag is provided.
client/src/pages/reports.tsx(1170,9): error TS17004: Cannot use JSX unless the '--jsx' flag is provided.
client/src/pages/reports.tsx(1171,11): error TS17004: Cannot use JSX unless the '--jsx' flag is provided.
client/src/pages/reports.tsx(1173,9): error TS17004: Cannot use JSX unless the '--jsx' flag is provided.
client/src/pages/reports.tsx(1174,11): error TS17004: Cannot use JSX unless the '--jsx' flag is provided.
client/src/pages/reports.tsx(1176,15): error TS17004: Cannot use JSX unless the '--jsx' flag is provided.
client/src/pages/reports.tsx(1177,17): error TS17004: Cannot use JSX unless the '--jsx' flag is provided.
client/src/pages/reports.tsx(1178,17): error TS17004: Cannot use JSX unless the '--jsx' flag is provided.
client/src/pages/reports.tsx(1179,17): error TS17004: Cannot use JSX unless the '--jsx' flag is provided.
client/src/pages/reports.tsx(1186,7): error TS17004: Cannot use JSX unless the '--jsx' flag is provided.
client/src/pages/reports.tsx(1187,9): error TS17004: Cannot use JSX unless the '--jsx' flag is provided.
client/src/pages/reports.tsx(1195,15): error TS17004: Cannot use JSX unless the '--jsx' flag is provided.
client/src/pages/reports.tsx(1197,17): error TS17004: Cannot use JSX unless the '--jsx' flag is provided.
client/src/pages/reports.tsx(1198,19): error TS17004: Cannot use JSX unless the '--jsx' flag is provided.
client/src/pages/reports.tsx(1199,21): error TS17004: Cannot use JSX unless the '--jsx' flag is provided.
client/src/pages/reports.tsx(1200,23): error TS17004: Cannot use JSX unless the '--jsx' flag is provided.
client/src/pages/reports.tsx(1202,21): error TS17004: Cannot use JSX unless the '--jsx' flag is provided.
client/src/pages/reports.tsx(1203,23): error TS17004: Cannot use JSX unless the '--jsx' flag is provided.
client/src/pages/reports.tsx(1204,23): error TS17004: Cannot use JSX unless the '--jsx' flag is provided.
client/src/pages/reports.tsx(1206,21): error TS17004: Cannot use JSX unless the '--jsx' flag is provided.
client/src/pages/reports.tsx(1208,19): error TS17004: Cannot use JSX unless the '--jsx' flag is provided.
client/src/pages/reports.tsx(1209,21): error TS17004: Cannot use JSX unless the '--jsx' flag is provided.
client/src/pages/reports.tsx(1210,23): error TS17004: Cannot use JSX unless the '--jsx' flag is provided.
client/src/pages/reports.tsx(1212,21): error TS17004: Cannot use JSX unless the '--jsx' flag is provided.
client/src/pages/reports.tsx(1213,23): error TS17004: Cannot use JSX unless the '--jsx' flag is provided.
client/src/pages/reports.tsx(1213,26): error TS17004: Cannot use JSX unless the '--jsx' flag is provided.
client/src/pages/reports.tsx(1214,23): error TS17004: Cannot use JSX unless the '--jsx' flag is provided.
client/src/pages/reports.tsx(1215,23): error TS17004: Cannot use JSX unless the '--jsx' flag is provided.
client/src/pages/reports.tsx(1218,19): error TS17004: Cannot use JSX unless the '--jsx' flag is provided.
client/src/pages/reports.tsx(1219,21): error TS17004: Cannot use JSX unless the '--jsx' flag is provided.
client/src/pages/reports.tsx(1224,17): error TS17004: Cannot use JSX unless the '--jsx' flag is provided.
client/src/pages/reports.tsx(1225,19): error TS17004: Cannot use JSX unless the '--jsx' flag is provided.
client/src/pages/reports.tsx(1226,21): error TS17004: Cannot use JSX unless the '--jsx' flag is provided.
client/src/pages/reports.tsx(1227,21): error TS17004: Cannot use JSX unless the '--jsx' flag is provided.
client/src/pages/reports.tsx(1229,19): error TS17004: Cannot use JSX unless the '--jsx' flag is provided.
client/src/pages/reports.tsx(1230,21): error TS17004: Cannot use JSX unless the '--jsx' flag is provided.
client/src/pages/reports.tsx(1231,21): error TS17004: Cannot use JSX unless the '--jsx' flag is provided.
client/src/pages/reports.tsx(1233,19): error TS17004: Cannot use JSX unless the '--jsx' flag is provided.
client/src/pages/reports.tsx(1234,21): error TS17004: Cannot use JSX unless the '--jsx' flag is provided.
client/src/pages/reports.tsx(1235,23): error TS17004: Cannot use JSX unless the '--jsx' flag is provided.
client/src/pages/reports.tsx(1236,23): error TS17004: Cannot use JSX unless the '--jsx' flag is provided.
client/src/pages/reports.tsx(1238,21): error TS17004: Cannot use JSX unless the '--jsx' flag is provided.
client/src/pages/reports.tsx(1239,23): error TS17004: Cannot use JSX unless the '--jsx' flag is provided.
client/src/pages/reports.tsx(1240,23): error TS17004: Cannot use JSX unless the '--jsx' flag is provided.
client/src/pages/reports.tsx(1243,19): error TS17004: Cannot use JSX unless the '--jsx' flag is provided.
client/src/pages/reports.tsx(1244,21): error TS17004: Cannot use JSX unless the '--jsx' flag is provided.
client/src/pages/reports.tsx(1245,23): error TS17004: Cannot use JSX unless the '--jsx' flag is provided.
client/src/pages/reports.tsx(1246,23): error TS17004: Cannot use JSX unless the '--jsx' flag is provided.
client/src/pages/reports.tsx(1248,21): error TS17004: Cannot use JSX unless the '--jsx' flag is provided.
client/src/pages/reports.tsx(1249,23): error TS17004: Cannot use JSX unless the '--jsx' flag is provided.
client/src/pages/reports.tsx(1250,23): error TS17004: Cannot use JSX unless the '--jsx' flag is provided.
client/src/pages/reports.tsx(1260,17): error TS17004: Cannot use JSX unless the '--jsx' flag is provided.
client/src/pages/reports.tsx(1261,19): error TS17004: Cannot use JSX unless the '--jsx' flag is provided.
client/src/pages/reports.tsx(1262,21): error TS17004: Cannot use JSX unless the '--jsx' flag is provided.
client/src/pages/reports.tsx(1263,23): error TS17004: Cannot use JSX unless the '--jsx' flag is provided.
client/src/pages/reports.tsx(1264,25): error TS17004: Cannot use JSX unless the '--jsx' flag is provided.
client/src/pages/reports.tsx(1265,25): error TS17004: Cannot use JSX unless the '--jsx' flag is provided.
client/src/pages/reports.tsx(1266,27): error TS17004: Cannot use JSX unless the '--jsx' flag is provided.
client/src/pages/reports.tsx(1267,27): error TS17004: Cannot use JSX unless the '--jsx' flag is provided.
client/src/pages/reports.tsx(1268,27): error TS17004: Cannot use JSX unless the '--jsx' flag is provided.
client/src/pages/reports.tsx(1270,25): error TS17004: Cannot use JSX unless the '--jsx' flag is provided.
client/src/pages/reports.tsx(1271,27): error TS17004: Cannot use JSX unless the '--jsx' flag is provided.
client/src/pages/reports.tsx(1272,27): error TS17004: Cannot use JSX unless the '--jsx' flag is provided.
client/src/pages/reports.tsx(1273,27): error TS17004: Cannot use JSX unless the '--jsx' flag is provided.
client/src/pages/reports.tsx(1275,25): error TS17004: Cannot use JSX unless the '--jsx' flag is provided.
client/src/pages/reports.tsx(1276,27): error TS17004: Cannot use JSX unless the '--jsx' flag is provided.
client/src/pages/reports.tsx(1277,27): error TS17004: Cannot use JSX unless the '--jsx' flag is provided.
client/src/pages/reports.tsx(1279,25): error TS17004: Cannot use JSX unless the '--jsx' flag is provided.
client/src/pages/reports.tsx(1280,25): error TS17004: Cannot use JSX unless the '--jsx' flag is provided.
client/src/pages/reports.tsx(1281,25): error TS17004: Cannot use JSX unless the '--jsx' flag is provided.
client/src/pages/reports.tsx(1284,21): error TS17004: Cannot use JSX unless the '--jsx' flag is provided.
client/src/pages/reports.tsx(1290,27): error TS17004: Cannot use JSX unless the '--jsx' flag is provided.
client/src/pages/reports.tsx(1291,29): error TS17004: Cannot use JSX unless the '--jsx' flag is provided.
client/src/pages/reports.tsx(1292,29): error TS17004: Cannot use JSX unless the '--jsx' flag is provided.
client/src/pages/reports.tsx(1293,29): error TS17004: Cannot use JSX unless the '--jsx' flag is provided.
client/src/pages/reports.tsx(1294,29): error TS17004: Cannot use JSX unless the '--jsx' flag is provided.
client/src/pages/reports.tsx(1295,29): error TS17004: Cannot use JSX unless the '--jsx' flag is provided.
client/src/pages/reports.tsx(1296,29): error TS17004: Cannot use JSX unless the '--jsx' flag is provided.
client/src/pages/reports.tsx(1299,29): error TS17004: Cannot use JSX unless the '--jsx' flag is provided.
client/src/pages/reports.tsx(1306,23): error TS17004: Cannot use JSX unless the '--jsx' flag is provided.
client/src/pages/reports.tsx(1307,25): error TS17004: Cannot use JSX unless the '--jsx' flag is provided.
client/src/pages/reports.tsx(1308,25): error TS17004: Cannot use JSX unless the '--jsx' flag is provided.
client/src/pages/reports.tsx(1309,25): error TS17004: Cannot use JSX unless the '--jsx' flag is provided.
client/src/pages/reports.tsx(1310,25): error TS17004: Cannot use JSX unless the '--jsx' flag is provided.
client/src/pages/reports.tsx(1311,25): error TS17004: Cannot use JSX unless the '--jsx' flag is provided.
client/src/pages/reports.tsx(1312,25): error TS17004: Cannot use JSX unless the '--jsx' flag is provided.
client/src/pages/reports.tsx(1313,25): error TS17004: Cannot use JSX unless the '--jsx' flag is provided.
client/src/pages/reports.tsx(1316,23): error TS17004: Cannot use JSX unless the '--jsx' flag is provided.
client/src/pages/reports.tsx(1317,25): error TS17004: Cannot use JSX unless the '--jsx' flag is provided.
client/src/pages/reports.tsx(1318,25): error TS17004: Cannot use JSX unless the '--jsx' flag is provided.
client/src/pages/reports.tsx(1319,25): error TS17004: Cannot use JSX unless the '--jsx' flag is provided.
client/src/pages/reports.tsx(1320,25): error TS17004: Cannot use JSX unless the '--jsx' flag is provided.
client/src/pages/reports.tsx(1321,25): error TS17004: Cannot use JSX unless the '--jsx' flag is provided.
client/src/pages/reports.tsx(1322,25): error TS17004: Cannot use JSX unless the '--jsx' flag is provided.
client/src/pages/reports.tsx(1323,25): error TS17004: Cannot use JSX unless the '--jsx' flag is provided.
client/src/pages/reports.tsx(1330,17): error TS17004: Cannot use JSX unless the '--jsx' flag is provided.
client/src/pages/reports.tsx(1331,19): error TS17004: Cannot use JSX unless the '--jsx' flag is provided.
client/src/pages/reports.tsx(1332,21): error TS17004: Cannot use JSX unless the '--jsx' flag is provided.
client/src/pages/reports.tsx(1333,21): error TS17004: Cannot use JSX unless the '--jsx' flag is provided.
client/src/pages/reports.tsx(1340,21): error TS17004: Cannot use JSX unless the '--jsx' flag is provided.
client/src/pages/reports.tsx(1341,21): error TS17004: Cannot use JSX unless the '--jsx' flag is provided.
client/src/pages/reports.tsx(1349,19): error TS17004: Cannot use JSX unless the '--jsx' flag is provided.
client/src/pages/reports.tsx(1350,21): error TS17004: Cannot use JSX unless the '--jsx' flag is provided.
client/src/pages/reports.tsx(1351,21): error TS17004: Cannot use JSX unless the '--jsx' flag is provided.
client/src/pages/reports.tsx(1359,19): error TS17004: Cannot use JSX unless the '--jsx' flag is provided.
client/src/pages/reports.tsx(1360,21): error TS17004: Cannot use JSX unless the '--jsx' flag is provided.
client/src/pages/reports.tsx(1361,21): error TS17004: Cannot use JSX unless the '--jsx' flag is provided.
client/src/pages/reports.tsx(1369,19): error TS17004: Cannot use JSX unless the '--jsx' flag is provided.
client/src/pages/reports.tsx(1370,21): error TS17004: Cannot use JSX unless the '--jsx' flag is provided.
client/src/pages/reports.tsx(1371,21): error TS17004: Cannot use JSX unless the '--jsx' flag is provided.
client/src/pages/reports.tsx(1382,17): error TS17004: Cannot use JSX unless the '--jsx' flag is provided.
client/src/pages/reports.tsx(1383,19): error TS17004: Cannot use JSX unless the '--jsx' flag is provided.
client/src/pages/reports.tsx(1384,21): error TS17004: Cannot use JSX unless the '--jsx' flag is provided.
client/src/pages/reports.tsx(1385,21): error TS17004: Cannot use JSX unless the '--jsx' flag is provided.
client/src/pages/reports.tsx(1399,19): error TS17004: Cannot use JSX unless the '--jsx' flag is provided.
client/src/pages/reports.tsx(1400,21): error TS17004: Cannot use JSX unless the '--jsx' flag is provided.
client/src/pages/reports.tsx(1401,21): error TS17004: Cannot use JSX unless the '--jsx' flag is provided.
client/src/pages/reports.tsx(1408,17): error TS17004: Cannot use JSX unless the '--jsx' flag is provided.
client/src/pages/reports.tsx(1409,19): error TS17004: Cannot use JSX unless the '--jsx' flag is provided.
client/src/pages/reports.tsx(1410,21): error TS17004: Cannot use JSX unless the '--jsx' flag is provided.
client/src/pages/reports.tsx(1411,21): error TS17004: Cannot use JSX unless the '--jsx' flag is provided.
client/src/pages/reports.tsx(1419,19): error TS17004: Cannot use JSX unless the '--jsx' flag is provided.
client/src/pages/reports.tsx(1420,21): error TS17004: Cannot use JSX unless the '--jsx' flag is provided.
client/src/pages/reports.tsx(1421,21): error TS17004: Cannot use JSX unless the '--jsx' flag is provided.
client/src/pages/reports.tsx(1435,17): error TS17004: Cannot use JSX unless the '--jsx' flag is provided.
client/src/pages/reports.tsx(1436,19): error TS17004: Cannot use JSX unless the '--jsx' flag is provided.
client/src/pages/reports.tsx(1442,17): error TS17004: Cannot use JSX unless the '--jsx' flag is provided.
client/src/pages/reports.tsx(1443,19): error TS17004: Cannot use JSX unless the '--jsx' flag is provided.
client/src/pages/reports.tsx(1446,19): error TS17004: Cannot use JSX unless the '--jsx' flag is provided.
client/src/pages/reports.tsx(1482,21): error TS17004: Cannot use JSX unless the '--jsx' flag is provided.
client/src/pages/reports.tsx(1484,19): error TS17004: Cannot use JSX unless the '--jsx' flag is provided.
client/src/pages/reports.tsx(1485,21): error TS17004: Cannot use JSX unless the '--jsx' flag is provided.
client/src/pages/teacher-broadsheet.tsx(2,25): error TS2307: Cannot find module '@/contexts/AuthContext' or its corresponding type declarations.
client/src/pages/teacher-broadsheet.tsx(3,24): error TS2307: Cannot find module '@/components/ui/button' or its corresponding type declarations.
client/src/pages/teacher-broadsheet.tsx(4,75): error TS2307: Cannot find module '@/components/ui/card' or its corresponding type declarations.
client/src/pages/teacher-broadsheet.tsx(5,79): error TS2307: Cannot find module '@/components/ui/table' or its corresponding type declarations.
client/src/pages/teacher-broadsheet.tsx(6,79): error TS2307: Cannot find module '@/components/ui/select' or its corresponding type declarations.
client/src/pages/teacher-broadsheet.tsx(7,23): error TS2307: Cannot find module '@/components/ui/label' or its corresponding type declarations.
client/src/pages/teacher-broadsheet.tsx(8,23): error TS2307: Cannot find module '@/components/ui/badge' or its corresponding type declarations.
client/src/pages/teacher-broadsheet.tsx(15,8): error TS2307: Cannot find module '@/components/ui/dialog' or its corresponding type declarations.
client/src/pages/teacher-broadsheet.tsx(20,8): error TS2307: Cannot find module '@/lib/api' or its corresponding type declarations.
client/src/pages/teacher-broadsheet.tsx(21,26): error TS2307: Cannot find module '@/hooks/use-toast' or its corresponding type declarations.
client/src/pages/teacher-broadsheet.tsx(22,50): error TS2307: Cannot find module '@/lib/grading' or its corresponding type declarations.
client/src/pages/teacher-broadsheet.tsx(759,13): error TS17004: Cannot use JSX unless the '--jsx' flag is provided.
client/src/pages/teacher-broadsheet.tsx(760,17): error TS17004: Cannot use JSX unless the '--jsx' flag is provided.
client/src/pages/teacher-broadsheet.tsx(761,21): error TS17004: Cannot use JSX unless the '--jsx' flag is provided.
client/src/pages/teacher-broadsheet.tsx(762,21): error TS17004: Cannot use JSX unless the '--jsx' flag is provided.
client/src/pages/teacher-broadsheet.tsx(790,13): error TS17004: Cannot use JSX unless the '--jsx' flag is provided.
client/src/pages/teacher-broadsheet.tsx(792,17): error TS17004: Cannot use JSX unless the '--jsx' flag is provided.
client/src/pages/teacher-broadsheet.tsx(793,21): error TS17004: Cannot use JSX unless the '--jsx' flag is provided.
client/src/pages/teacher-broadsheet.tsx(794,25): error TS17004: Cannot use JSX unless the '--jsx' flag is provided.
client/src/pages/teacher-broadsheet.tsx(795,29): error TS17004: Cannot use JSX unless the '--jsx' flag is provided.
client/src/pages/teacher-broadsheet.tsx(796,29): error TS17004: Cannot use JSX unless the '--jsx' flag is provided.
client/src/pages/teacher-broadsheet.tsx(797,29): error TS17004: Cannot use JSX unless the '--jsx' flag is provided.
client/src/pages/teacher-broadsheet.tsx(800,21): error TS17004: Cannot use JSX unless the '--jsx' flag is provided.
client/src/pages/teacher-broadsheet.tsx(801,25): error TS17004: Cannot use JSX unless the '--jsx' flag is provided.
client/src/pages/teacher-broadsheet.tsx(802,29): error TS17004: Cannot use JSX unless the '--jsx' flag is provided.
client/src/pages/teacher-broadsheet.tsx(803,33): error TS17004: Cannot use JSX unless the '--jsx' flag is provided.
client/src/pages/teacher-broadsheet.tsx(803,39): error TS17004: Cannot use JSX unless the '--jsx' flag is provided.
client/src/pages/teacher-broadsheet.tsx(804,33): error TS17004: Cannot use JSX unless the '--jsx' flag is provided.
client/src/pages/teacher-broadsheet.tsx(804,39): error TS17004: Cannot use JSX unless the '--jsx' flag is provided.
client/src/pages/teacher-broadsheet.tsx(806,29): error TS17004: Cannot use JSX unless the '--jsx' flag is provided.
client/src/pages/teacher-broadsheet.tsx(809,25): error TS17004: Cannot use JSX unless the '--jsx' flag is provided.
client/src/pages/teacher-broadsheet.tsx(810,29): error TS17004: Cannot use JSX unless the '--jsx' flag is provided.
client/src/pages/teacher-broadsheet.tsx(811,33): error TS17004: Cannot use JSX unless the '--jsx' flag is provided.
client/src/pages/teacher-broadsheet.tsx(812,37): error TS17004: Cannot use JSX unless the '--jsx' flag is provided.
client/src/pages/teacher-broadsheet.tsx(813,41): error TS17004: Cannot use JSX unless the '--jsx' flag is provided.
client/src/pages/teacher-broadsheet.tsx(815,45): error TS17004: Cannot use JSX unless the '--jsx' flag is provided.
client/src/pages/teacher-broadsheet.tsx(819,41): error TS17004: Cannot use JSX unless the '--jsx' flag is provided.
client/src/pages/teacher-broadsheet.tsx(820,41): error TS17004: Cannot use JSX unless the '--jsx' flag is provided.
client/src/pages/teacher-broadsheet.tsx(821,41): error TS17004: Cannot use JSX unless the '--jsx' flag is provided.
client/src/pages/teacher-broadsheet.tsx(824,33): error TS17004: Cannot use JSX unless the '--jsx' flag is provided.
client/src/pages/teacher-broadsheet.tsx(832,45): error TS17004: Cannot use JSX unless the '--jsx' flag is provided.
client/src/pages/teacher-broadsheet.tsx(838,49): error TS17004: Cannot use JSX unless the '--jsx' flag is provided.
client/src/pages/teacher-broadsheet.tsx(845,57): error TS17004: Cannot use JSX unless the '--jsx' flag is provided.
client/src/pages/teacher-broadsheet.tsx(846,61): error TS17004: Cannot use JSX unless the '--jsx' flag is provided.
client/src/pages/teacher-broadsheet.tsx(852,61): error TS17004: Cannot use JSX unless the '--jsx' flag is provided.
client/src/pages/teacher-broadsheet.tsx(861,49): error TS17004: Cannot use JSX unless the '--jsx' flag is provided.
client/src/pages/teacher-broadsheet.tsx(864,49): error TS17004: Cannot use JSX unless the '--jsx' flag is provided.
client/src/pages/teacher-broadsheet.tsx(867,49): error TS17004: Cannot use JSX unless the '--jsx' flag is provided.
client/src/pages/teacher-broadsheet.tsx(874,41): error TS17004: Cannot use JSX unless the '--jsx' flag is provided.
client/src/pages/teacher-broadsheet.tsx(875,45): error TS17004: Cannot use JSX unless the '--jsx' flag is provided.
client/src/pages/teacher-broadsheet.tsx(884,25): error TS17004: Cannot use JSX unless the '--jsx' flag is provided.
client/src/pages/teacher-broadsheet.tsx(885,29): error TS17004: Cannot use JSX unless the '--jsx' flag is provided.
client/src/pages/teacher-broadsheet.tsx(886,33): error TS17004: Cannot use JSX unless the '--jsx' flag is provided.
client/src/pages/teacher-broadsheet.tsx(910,13): error TS17004: Cannot use JSX unless the '--jsx' flag is provided.
client/src/pages/teacher-broadsheet.tsx(911,17): error TS17004: Cannot use JSX unless the '--jsx' flag is provided.
client/src/pages/teacher-broadsheet.tsx(912,21): error TS17004: Cannot use JSX unless the '--jsx' flag is provided.
client/src/pages/teacher-broadsheet.tsx(913,25): error TS17004: Cannot use JSX unless the '--jsx' flag is provided.
client/src/pages/teacher-broadsheet.tsx(914,29): error TS17004: Cannot use JSX unless the '--jsx' flag is provided.
client/src/pages/teacher-broadsheet.tsx(915,29): error TS17004: Cannot use JSX unless the '--jsx' flag is provided.
client/src/pages/teacher-broadsheet.tsx(916,33): error TS17004: Cannot use JSX unless the '--jsx' flag is provided.
client/src/pages/teacher-broadsheet.tsx(920,25): error TS17004: Cannot use JSX unless the '--jsx' flag is provided.
client/src/pages/teacher-broadsheet.tsx(925,17): error TS17004: Cannot use JSX unless the '--jsx' flag is provided.
client/src/pages/teacher-broadsheet.tsx(927,25): error TS17004: Cannot use JSX unless the '--jsx' flag is provided.
client/src/pages/teacher-broadsheet.tsx(928,29): error TS17004: Cannot use JSX unless the '--jsx' flag is provided.
client/src/pages/teacher-broadsheet.tsx(929,33): error TS17004: Cannot use JSX unless the '--jsx' flag is provided.
client/src/pages/teacher-broadsheet.tsx(930,33): error TS17004: Cannot use JSX unless the '--jsx' flag is provided.
client/src/pages/teacher-broadsheet.tsx(934,25): error TS17004: Cannot use JSX unless the '--jsx' flag is provided.
client/src/pages/teacher-broadsheet.tsx(935,29): error TS17004: Cannot use JSX unless the '--jsx' flag is provided.
client/src/pages/teacher-broadsheet.tsx(936,33): error TS17004: Cannot use JSX unless the '--jsx' flag is provided.
client/src/pages/teacher-broadsheet.tsx(937,37): error TS17004: Cannot use JSX unless the '--jsx' flag is provided.
client/src/pages/teacher-broadsheet.tsx(938,41): error TS17004: Cannot use JSX unless the '--jsx' flag is provided.
client/src/pages/teacher-broadsheet.tsx(939,41): error TS17004: Cannot use JSX unless the '--jsx' flag is provided.
client/src/pages/teacher-broadsheet.tsx(941,45): error TS17004: Cannot use JSX unless the '--jsx' flag is provided.
client/src/pages/teacher-broadsheet.tsx(946,45): error TS17004: Cannot use JSX unless the '--jsx' flag is provided.
client/src/pages/teacher-broadsheet.tsx(950,41): error TS17004: Cannot use JSX unless the '--jsx' flag is provided.
client/src/pages/teacher-broadsheet.tsx(951,41): error TS17004: Cannot use JSX unless the '--jsx' flag is provided.
client/src/pages/teacher-broadsheet.tsx(954,33): error TS17004: Cannot use JSX unless the '--jsx' flag is provided.
client/src/pages/teacher-broadsheet.tsx(961,45): error TS17004: Cannot use JSX unless the '--jsx' flag is provided.
client/src/pages/teacher-broadsheet.tsx(967,49): error TS17004: Cannot use JSX unless the '--jsx' flag is provided.
client/src/pages/teacher-broadsheet.tsx(969,57): error TS17004: Cannot use JSX unless the '--jsx' flag is provided.
client/src/pages/teacher-broadsheet.tsx(977,57): error TS17004: Cannot use JSX unless the '--jsx' flag is provided.
client/src/pages/teacher-broadsheet.tsx(980,49): error TS17004: Cannot use JSX unless the '--jsx' flag is provided.
client/src/pages/teacher-broadsheet.tsx(981,53): error TS17004: Cannot use JSX unless the '--jsx' flag is provided.
client/src/pages/teacher-broadsheet.tsx(982,53): error TS17004: Cannot use JSX unless the '--jsx' flag is provided.
client/src/pages/teacher-broadsheet.tsx(987,57): error TS17004: Cannot use JSX unless the '--jsx' flag is provided.
client/src/pages/teacher-broadsheet.tsx(989,65): error TS17004: Cannot use JSX unless the '--jsx' flag is provided.
client/src/pages/teacher-broadsheet.tsx(998,65): error TS17004: Cannot use JSX unless the '--jsx' flag is provided.
client/src/pages/teacher-broadsheet.tsx(1007,57): error TS17004: Cannot use JSX unless the '--jsx' flag is provided.
client/src/pages/teacher-broadsheet.tsx(1008,61): error TS17004: Cannot use JSX unless the '--jsx' flag is provided.
client/src/pages/teacher-broadsheet.tsx(1022,49): error TS17004: Cannot use JSX unless the '--jsx' flag is provided.
client/src/pages/teacher-broadsheet.tsx(1030,49): error TS17004: Cannot use JSX unless the '--jsx' flag is provided.
client/src/pages/teacher-broadsheet.tsx(1037,41): error TS17004: Cannot use JSX unless the '--jsx' flag is provided.
client/src/pages/teacher-broadsheet.tsx(1038,45): error TS17004: Cannot use JSX unless the '--jsx' flag is provided.
client/src/pages/teacher-broadsheet.tsx(1039,49): error TS17004: Cannot use JSX unless the '--jsx' flag is provided.
client/src/pages/teacher-broadsheet.tsx(1040,49): error TS17004: Cannot use JSX unless the '--jsx' flag is provided.
client/src/pages/teacher-broadsheet.tsx(1054,9): error TS17004: Cannot use JSX unless the '--jsx' flag is provided.
client/src/pages/teacher-broadsheet.tsx(1056,13): error TS17004: Cannot use JSX unless the '--jsx' flag is provided.
client/src/pages/teacher-broadsheet.tsx(1057,17): error TS17004: Cannot use JSX unless the '--jsx' flag is provided.
client/src/pages/teacher-broadsheet.tsx(1058,21): error TS17004: Cannot use JSX unless the '--jsx' flag is provided.
client/src/pages/teacher-broadsheet.tsx(1059,25): error TS17004: Cannot use JSX unless the '--jsx' flag is provided.
client/src/pages/teacher-broadsheet.tsx(1061,21): error TS17004: Cannot use JSX unless the '--jsx' flag is provided.
client/src/pages/teacher-broadsheet.tsx(1062,25): error TS17004: Cannot use JSX unless the '--jsx' flag is provided.
client/src/pages/teacher-broadsheet.tsx(1063,25): error TS17004: Cannot use JSX unless the '--jsx' flag is provided.
client/src/pages/teacher-broadsheet.tsx(1066,17): error TS17004: Cannot use JSX unless the '--jsx' flag is provided.
client/src/pages/teacher-broadsheet.tsx(1067,21): error TS17004: Cannot use JSX unless the '--jsx' flag is provided.
client/src/pages/teacher-broadsheet.tsx(1068,25): error TS17004: Cannot use JSX unless the '--jsx' flag is provided.
client/src/pages/teacher-broadsheet.tsx(1069,25): error TS17004: Cannot use JSX unless the '--jsx' flag is provided.
client/src/pages/teacher-broadsheet.tsx(1071,21): error TS17004: Cannot use JSX unless the '--jsx' flag is provided.
client/src/pages/teacher-broadsheet.tsx(1072,25): error TS17004: Cannot use JSX unless the '--jsx' flag is provided.
client/src/pages/teacher-broadsheet.tsx(1073,25): error TS17004: Cannot use JSX unless the '--jsx' flag is provided.
client/src/pages/teacher-broadsheet.tsx(1075,21): error TS17004: Cannot use JSX unless the '--jsx' flag is provided.
client/src/pages/teacher-broadsheet.tsx(1076,25): error TS17004: Cannot use JSX unless the '--jsx' flag is provided.
client/src/pages/teacher-broadsheet.tsx(1077,25): error TS17004: Cannot use JSX unless the '--jsx' flag is provided.
client/src/pages/teacher-broadsheet.tsx(1079,21): error TS17004: Cannot use JSX unless the '--jsx' flag is provided.
client/src/pages/teacher-broadsheet.tsx(1080,25): error TS17004: Cannot use JSX unless the '--jsx' flag is provided.
client/src/pages/teacher-broadsheet.tsx(1081,25): error TS17004: Cannot use JSX unless the '--jsx' flag is provided.
client/src/pages/teacher-broadsheet.tsx(1083,21): error TS17004: Cannot use JSX unless the '--jsx' flag is provided.
client/src/pages/teacher-broadsheet.tsx(1084,21): error TS17004: Cannot use JSX unless the '--jsx' flag is provided.
client/src/pages/teacher-broadsheet.tsx(1085,25): error TS17004: Cannot use JSX unless the '--jsx' flag is provided.
client/src/pages/teacher-broadsheet.tsx(1086,25): error TS17004: Cannot use JSX unless the '--jsx' flag is provided.
client/src/pages/teacher-broadsheet.tsx(1091,13): error TS17004: Cannot use JSX unless the '--jsx' flag is provided.
client/src/pages/teacher-broadsheet.tsx(1092,17): error TS17004: Cannot use JSX unless the '--jsx' flag is provided.
client/src/pages/teacher-broadsheet.tsx(1094,21): error TS17004: Cannot use JSX unless the '--jsx' flag is provided.
client/src/pages/teacher-broadsheet.tsx(1095,25): error TS17004: Cannot use JSX unless the '--jsx' flag is provided.
client/src/pages/teacher-broadsheet.tsx(1096,29): error TS17004: Cannot use JSX unless the '--jsx' flag is provided.
client/src/pages/teacher-broadsheet.tsx(1097,33): error TS17004: Cannot use JSX unless the '--jsx' flag is provided.
client/src/pages/teacher-broadsheet.tsx(1100,29): error TS17004: Cannot use JSX unless the '--jsx' flag is provided.
client/src/pages/teacher-broadsheet.tsx(1107,33): error TS17004: Cannot use JSX unless the '--jsx' flag is provided.
client/src/pages/teacher-broadsheet.tsx(1108,37): error TS17004: Cannot use JSX unless the '--jsx' flag is provided.
client/src/pages/teacher-broadsheet.tsx(1113,29): error TS17004: Cannot use JSX unless the '--jsx' flag is provided.
client/src/pages/teacher-broadsheet.tsx(1114,33): error TS17004: Cannot use JSX unless the '--jsx' flag is provided.
client/src/pages/teacher-broadsheet.tsx(1115,37): error TS17004: Cannot use JSX unless the '--jsx' flag is provided.
client/src/pages/teacher-broadsheet.tsx(1116,37): error TS17004: Cannot use JSX unless the '--jsx' flag is provided.
client/src/pages/teacher-broadsheet.tsx(1118,33): error TS17004: Cannot use JSX unless the '--jsx' flag is provided.
client/src/pages/teacher-broadsheet.tsx(1120,41): error TS17004: Cannot use JSX unless the '--jsx' flag is provided.
client/src/pages/teacher-broadsheet.tsx(1121,45): error TS17004: Cannot use JSX unless the '--jsx' flag is provided.
client/src/pages/teacher-broadsheet.tsx(1127,49): error TS17004: Cannot use JSX unless the '--jsx' flag is provided.
client/src/pages/teacher-broadsheet.tsx(1129,45): error TS17004: Cannot use JSX unless the '--jsx' flag is provided.
client/src/pages/teacher-broadsheet.tsx(1135,49): error TS17004: Cannot use JSX unless the '--jsx' flag is provided.
client/src/pages/teacher-broadsheet.tsx(1139,41): error TS17004: Cannot use JSX unless the '--jsx' flag is provided.
client/src/pages/teacher-broadsheet.tsx(1144,45): error TS17004: Cannot use JSX unless the '--jsx' flag is provided.
client/src/pages/teacher-broadsheet.tsx(1153,21): error TS17004: Cannot use JSX unless the '--jsx' flag is provided.
client/src/pages/teacher-broadsheet.tsx(1154,25): error TS17004: Cannot use JSX unless the '--jsx' flag is provided.
client/src/pages/teacher-broadsheet.tsx(1155,29): error TS17004: Cannot use JSX unless the '--jsx' flag is provided.
client/src/pages/teacher-broadsheet.tsx(1156,29): error TS17004: Cannot use JSX unless the '--jsx' flag is provided.
client/src/pages/teacher-broadsheet.tsx(1158,25): error TS17004: Cannot use JSX unless the '--jsx' flag is provided.
client/src/pages/teacher-broadsheet.tsx(1159,29): error TS17004: Cannot use JSX unless the '--jsx' flag is provided.
client/src/pages/teacher-broadsheet.tsx(1160,33): error TS17004: Cannot use JSX unless the '--jsx' flag is provided.
client/src/pages/teacher-broadsheet.tsx(1161,37): error TS17004: Cannot use JSX unless the '--jsx' flag is provided.
client/src/pages/teacher-broadsheet.tsx(1162,37): error TS17004: Cannot use JSX unless the '--jsx' flag is provided.
client/src/pages/teacher-broadsheet.tsx(1167,41): error TS17004: Cannot use JSX unless the '--jsx' flag is provided.
client/src/pages/teacher-broadsheet.tsx(1168,45): error TS17004: Cannot use JSX unless the '--jsx' flag is provided.
client/src/pages/teacher-broadsheet.tsx(1170,41): error TS17004: Cannot use JSX unless the '--jsx' flag is provided.
client/src/pages/teacher-broadsheet.tsx(1172,49): error TS17004: Cannot use JSX unless the '--jsx' flag is provided.
client/src/pages/teacher-broadsheet.tsx(1180,33): error TS17004: Cannot use JSX unless the '--jsx' flag is provided.
client/src/pages/teacher-broadsheet.tsx(1181,37): error TS17004: Cannot use JSX unless the '--jsx' flag is provided.
client/src/pages/teacher-broadsheet.tsx(1182,37): error TS17004: Cannot use JSX unless the '--jsx' flag is provided.
client/src/pages/teacher-broadsheet.tsx(1183,41): error TS17004: Cannot use JSX unless the '--jsx' flag is provided.
client/src/pages/teacher-broadsheet.tsx(1184,45): error TS17004: Cannot use JSX unless the '--jsx' flag is provided.
client/src/pages/teacher-broadsheet.tsx(1186,41): error TS17004: Cannot use JSX unless the '--jsx' flag is provided.
client/src/pages/teacher-broadsheet.tsx(1188,49): error TS17004: Cannot use JSX unless the '--jsx' flag is provided.
client/src/pages/teacher-broadsheet.tsx(1202,29): error TS17004: Cannot use JSX unless the '--jsx' flag is provided.
client/src/pages/teacher-broadsheet.tsx(1203,33): error TS17004: Cannot use JSX unless the '--jsx' flag is provided.
client/src/pages/teacher-broadsheet.tsx(1204,37): error TS17004: Cannot use JSX unless the '--jsx' flag is provided.
client/src/pages/teacher-broadsheet.tsx(1205,37): error TS17004: Cannot use JSX unless the '--jsx' flag is provided.
client/src/pages/teacher-broadsheet.tsx(1217,25): error TS17004: Cannot use JSX unless the '--jsx' flag is provided.
client/src/pages/teacher-broadsheet.tsx(1218,29): error TS17004: Cannot use JSX unless the '--jsx' flag is provided.
client/src/pages/teacher-broadsheet.tsx(1219,33): error TS17004: Cannot use JSX unless the '--jsx' flag is provided.
client/src/pages/teacher-broadsheet.tsx(1220,33): error TS17004: Cannot use JSX unless the '--jsx' flag is provided.
client/src/pages/teacher-broadsheet.tsx(1221,33): error TS17004: Cannot use JSX unless the '--jsx' flag is provided.
client/src/pages/teacher-broadsheet.tsx(1229,13): error TS17004: Cannot use JSX unless the '--jsx' flag is provided.
client/src/pages/teacher-broadsheet.tsx(1230,17): error TS17004: Cannot use JSX unless the '--jsx' flag is provided.
client/src/pages/teacher-broadsheet.tsx(1244,29): error TS17004: Cannot use JSX unless the '--jsx' flag is provided.
client/src/pages/teacher-broadsheet.tsx(1246,33): error TS17004: Cannot use JSX unless the '--jsx' flag is provided.
client/src/pages/teacher-broadsheet.tsx(1247,37): error TS17004: Cannot use JSX unless the '--jsx' flag is provided.
client/src/pages/teacher-broadsheet.tsx(1248,41): error TS17004: Cannot use JSX unless the '--jsx' flag is provided.
client/src/pages/teacher-broadsheet.tsx(1249,45): error TS17004: Cannot use JSX unless the '--jsx' flag is provided.
client/src/pages/teacher-broadsheet.tsx(1251,41): error TS17004: Cannot use JSX unless the '--jsx' flag is provided.
client/src/pages/teacher-broadsheet.tsx(1252,45): error TS17004: Cannot use JSX unless the '--jsx' flag is provided.
client/src/pages/teacher-broadsheet.tsx(1253,45): error TS17004: Cannot use JSX unless the '--jsx' flag is provided.
client/src/pages/teacher-broadsheet.tsx(1255,41): error TS17004: Cannot use JSX unless the '--jsx' flag is provided.
client/src/pages/teacher-broadsheet.tsx(1257,37): error TS17004: Cannot use JSX unless the '--jsx' flag is provided.
client/src/pages/teacher-broadsheet.tsx(1258,41): error TS17004: Cannot use JSX unless the '--jsx' flag is provided.
client/src/pages/teacher-broadsheet.tsx(1259,45): error TS17004: Cannot use JSX unless the '--jsx' flag is provided.
client/src/pages/teacher-broadsheet.tsx(1261,41): error TS17004: Cannot use JSX unless the '--jsx' flag is provided.
client/src/pages/teacher-broadsheet.tsx(1262,45): error TS17004: Cannot use JSX unless the '--jsx' flag is provided.
client/src/pages/teacher-broadsheet.tsx(1262,48): error TS17004: Cannot use JSX unless the '--jsx' flag is provided.
client/src/pages/teacher-broadsheet.tsx(1263,45): error TS17004: Cannot use JSX unless the '--jsx' flag is provided.
client/src/pages/teacher-broadsheet.tsx(1264,45): error TS17004: Cannot use JSX unless the '--jsx' flag is provided.
client/src/pages/teacher-broadsheet.tsx(1267,37): error TS17004: Cannot use JSX unless the '--jsx' flag is provided.
client/src/pages/teacher-broadsheet.tsx(1268,41): error TS17004: Cannot use JSX unless the '--jsx' flag is provided.
client/src/pages/teacher-broadsheet.tsx(1273,33): error TS17004: Cannot use JSX unless the '--jsx' flag is provided.
client/src/pages/teacher-broadsheet.tsx(1274,37): error TS17004: Cannot use JSX unless the '--jsx' flag is provided.
client/src/pages/teacher-broadsheet.tsx(1275,41): error TS17004: Cannot use JSX unless the '--jsx' flag is provided.
client/src/pages/teacher-broadsheet.tsx(1276,41): error TS17004: Cannot use JSX unless the '--jsx' flag is provided.
client/src/pages/teacher-broadsheet.tsx(1278,37): error TS17004: Cannot use JSX unless the '--jsx' flag is provided.
client/src/pages/teacher-broadsheet.tsx(1279,41): error TS17004: Cannot use JSX unless the '--jsx' flag is provided.
client/src/pages/teacher-broadsheet.tsx(1280,41): error TS17004: Cannot use JSX unless the '--jsx' flag is provided.
client/src/pages/teacher-broadsheet.tsx(1282,37): error TS17004: Cannot use JSX unless the '--jsx' flag is provided.
client/src/pages/teacher-broadsheet.tsx(1283,41): error TS17004: Cannot use JSX unless the '--jsx' flag is provided.
client/src/pages/teacher-broadsheet.tsx(1284,45): error TS17004: Cannot use JSX unless the '--jsx' flag is provided.
client/src/pages/teacher-broadsheet.tsx(1285,45): error TS17004: Cannot use JSX unless the '--jsx' flag is provided.
client/src/pages/teacher-broadsheet.tsx(1287,41): error TS17004: Cannot use JSX unless the '--jsx' flag is provided.
client/src/pages/teacher-broadsheet.tsx(1288,45): error TS17004: Cannot use JSX unless the '--jsx' flag is provided.
client/src/pages/teacher-broadsheet.tsx(1289,45): error TS17004: Cannot use JSX unless the '--jsx' flag is provided.
client/src/pages/teacher-broadsheet.tsx(1292,37): error TS17004: Cannot use JSX unless the '--jsx' flag is provided.
client/src/pages/teacher-broadsheet.tsx(1293,41): error TS17004: Cannot use JSX unless the '--jsx' flag is provided.
client/src/pages/teacher-broadsheet.tsx(1294,45): error TS17004: Cannot use JSX unless the '--jsx' flag is provided.
client/src/pages/teacher-broadsheet.tsx(1295,45): error TS17004: Cannot use JSX unless the '--jsx' flag is provided.
client/src/pages/teacher-broadsheet.tsx(1297,41): error TS17004: Cannot use JSX unless the '--jsx' flag is provided.
client/src/pages/teacher-broadsheet.tsx(1298,45): error TS17004: Cannot use JSX unless the '--jsx' flag is provided.
client/src/pages/teacher-broadsheet.tsx(1299,45): error TS17004: Cannot use JSX unless the '--jsx' flag is provided.
client/src/pages/teacher-broadsheet.tsx(1309,33): error TS17004: Cannot use JSX unless the '--jsx' flag is provided.
client/src/pages/teacher-broadsheet.tsx(1310,37): error TS17004: Cannot use JSX unless the '--jsx' flag is provided.
client/src/pages/teacher-broadsheet.tsx(1311,41): error TS17004: Cannot use JSX unless the '--jsx' flag is provided.
client/src/pages/teacher-broadsheet.tsx(1312,45): error TS17004: Cannot use JSX unless the '--jsx' flag is provided.
client/src/pages/teacher-broadsheet.tsx(1313,49): error TS17004: Cannot use JSX unless the '--jsx' flag is provided.
client/src/pages/teacher-broadsheet.tsx(1314,49): error TS17004: Cannot use JSX unless the '--jsx' flag is provided.
client/src/pages/teacher-broadsheet.tsx(1315,53): error TS17004: Cannot use JSX unless the '--jsx' flag is provided.
client/src/pages/teacher-broadsheet.tsx(1316,53): error TS17004: Cannot use JSX unless the '--jsx' flag is provided.
client/src/pages/teacher-broadsheet.tsx(1317,53): error TS17004: Cannot use JSX unless the '--jsx' flag is provided.
client/src/pages/teacher-broadsheet.tsx(1319,49): error TS17004: Cannot use JSX unless the '--jsx' flag is provided.
client/src/pages/teacher-broadsheet.tsx(1320,53): error TS17004: Cannot use JSX unless the '--jsx' flag is provided.
client/src/pages/teacher-broadsheet.tsx(1321,53): error TS17004: Cannot use JSX unless the '--jsx' flag is provided.
client/src/pages/teacher-broadsheet.tsx(1322,53): error TS17004: Cannot use JSX unless the '--jsx' flag is provided.
client/src/pages/teacher-broadsheet.tsx(1324,49): error TS17004: Cannot use JSX unless the '--jsx' flag is provided.
client/src/pages/teacher-broadsheet.tsx(1325,53): error TS17004: Cannot use JSX unless the '--jsx' flag is provided.
client/src/pages/teacher-broadsheet.tsx(1326,53): error TS17004: Cannot use JSX unless the '--jsx' flag is provided.
client/src/pages/teacher-broadsheet.tsx(1328,49): error TS17004: Cannot use JSX unless the '--jsx' flag is provided.
client/src/pages/teacher-broadsheet.tsx(1329,49): error TS17004: Cannot use JSX unless the '--jsx' flag is provided.
client/src/pages/teacher-broadsheet.tsx(1330,49): error TS17004: Cannot use JSX unless the '--jsx' flag is provided.
client/src/pages/teacher-broadsheet.tsx(1333,41): error TS17004: Cannot use JSX unless the '--jsx' flag is provided.
client/src/pages/teacher-broadsheet.tsx(1339,53): error TS17004: Cannot use JSX unless the '--jsx' flag is provided.
client/src/pages/teacher-broadsheet.tsx(1340,57): error TS17004: Cannot use JSX unless the '--jsx' flag is provided.
client/src/pages/teacher-broadsheet.tsx(1341,57): error TS17004: Cannot use JSX unless the '--jsx' flag is provided.
client/src/pages/teacher-broadsheet.tsx(1342,57): error TS17004: Cannot use JSX unless the '--jsx' flag is provided.
client/src/pages/teacher-broadsheet.tsx(1343,57): error TS17004: Cannot use JSX unless the '--jsx' flag is provided.
client/src/pages/teacher-broadsheet.tsx(1344,57): error TS17004: Cannot use JSX unless the '--jsx' flag is provided.
client/src/pages/teacher-broadsheet.tsx(1345,57): error TS17004: Cannot use JSX unless the '--jsx' flag is provided.
client/src/pages/teacher-broadsheet.tsx(1348,57): error TS17004: Cannot use JSX unless the '--jsx' flag is provided.
client/src/pages/teacher-broadsheet.tsx(1355,45): error TS17004: Cannot use JSX unless the '--jsx' flag is provided.
client/src/pages/teacher-broadsheet.tsx(1356,49): error TS17004: Cannot use JSX unless the '--jsx' flag is provided.
client/src/pages/teacher-broadsheet.tsx(1357,49): error TS17004: Cannot use JSX unless the '--jsx' flag is provided.
client/src/pages/teacher-broadsheet.tsx(1358,49): error TS17004: Cannot use JSX unless the '--jsx' flag is provided.
client/src/pages/teacher-broadsheet.tsx(1359,49): error TS17004: Cannot use JSX unless the '--jsx' flag is provided.
client/src/pages/teacher-broadsheet.tsx(1360,49): error TS17004: Cannot use JSX unless the '--jsx' flag is provided.
client/src/pages/teacher-broadsheet.tsx(1361,49): error TS17004: Cannot use JSX unless the '--jsx' flag is provided.
client/src/pages/teacher-broadsheet.tsx(1362,49): error TS17004: Cannot use JSX unless the '--jsx' flag is provided.
client/src/pages/teacher-broadsheet.tsx(1365,45): error TS17004: Cannot use JSX unless the '--jsx' flag is provided.
client/src/pages/teacher-broadsheet.tsx(1366,49): error TS17004: Cannot use JSX unless the '--jsx' flag is provided.
client/src/pages/teacher-broadsheet.tsx(1367,49): error TS17004: Cannot use JSX unless the '--jsx' flag is provided.
client/src/pages/teacher-broadsheet.tsx(1368,49): error TS17004: Cannot use JSX unless the '--jsx' flag is provided.
client/src/pages/teacher-broadsheet.tsx(1369,49): error TS17004: Cannot use JSX unless the '--jsx' flag is provided.
client/src/pages/teacher-broadsheet.tsx(1370,49): error TS17004: Cannot use JSX unless the '--jsx' flag is provided.
client/src/pages/teacher-broadsheet.tsx(1371,49): error TS17004: Cannot use JSX unless the '--jsx' flag is provided.
client/src/pages/teacher-broadsheet.tsx(1372,49): error TS17004: Cannot use JSX unless the '--jsx' flag is provided.
client/src/pages/teacher-broadsheet.tsx(1379,33): error TS17004: Cannot use JSX unless the '--jsx' flag is provided.
client/src/pages/teacher-broadsheet.tsx(1380,37): error TS17004: Cannot use JSX unless the '--jsx' flag is provided.
client/src/pages/teacher-broadsheet.tsx(1381,41): error TS17004: Cannot use JSX unless the '--jsx' flag is provided.
client/src/pages/teacher-broadsheet.tsx(1382,41): error TS17004: Cannot use JSX unless the '--jsx' flag is provided.
client/src/pages/teacher-broadsheet.tsx(1383,45): error TS17004: Cannot use JSX unless the '--jsx' flag is provided.
client/src/pages/teacher-broadsheet.tsx(1383,46): error TS2552: Cannot find name 'Input'. Did you mean 'oninput'?
client/src/pages/teacher-broadsheet.tsx(1388,45): error TS17004: Cannot use JSX unless the '--jsx' flag is provided.
client/src/pages/teacher-broadsheet.tsx(1389,45): error TS17004: Cannot use JSX unless the '--jsx' flag is provided.
client/src/pages/teacher-broadsheet.tsx(1389,46): error TS2552: Cannot find name 'Input'. Did you mean 'oninput'?
client/src/pages/teacher-broadsheet.tsx(1396,37): error TS17004: Cannot use JSX unless the '--jsx' flag is provided.
client/src/pages/teacher-broadsheet.tsx(1397,41): error TS17004: Cannot use JSX unless the '--jsx' flag is provided.
client/src/pages/teacher-broadsheet.tsx(1398,41): error TS17004: Cannot use JSX unless the '--jsx' flag is provided.
client/src/pages/teacher-broadsheet.tsx(1398,42): error TS2552: Cannot find name 'Input'. Did you mean 'oninput'?
client/src/pages/teacher-broadsheet.tsx(1404,37): error TS17004: Cannot use JSX unless the '--jsx' flag is provided.
client/src/pages/teacher-broadsheet.tsx(1405,41): error TS17004: Cannot use JSX unless the '--jsx' flag is provided.
client/src/pages/teacher-broadsheet.tsx(1406,41): error TS17004: Cannot use JSX unless the '--jsx' flag is provided.
client/src/pages/teacher-broadsheet.tsx(1406,42): error TS2552: Cannot find name 'Input'. Did you mean 'oninput'?
client/src/pages/teacher-broadsheet.tsx(1412,37): error TS17004: Cannot use JSX unless the '--jsx' flag is provided.
client/src/pages/teacher-broadsheet.tsx(1413,41): error TS17004: Cannot use JSX unless the '--jsx' flag is provided.
client/src/pages/teacher-broadsheet.tsx(1414,41): error TS17004: Cannot use JSX unless the '--jsx' flag is provided.
client/src/pages/teacher-broadsheet.tsx(1414,42): error TS2552: Cannot find name 'Input'. Did you mean 'oninput'?
client/src/pages/teacher-broadsheet.tsx(1423,33): error TS17004: Cannot use JSX unless the '--jsx' flag is provided.
client/src/pages/teacher-broadsheet.tsx(1424,37): error TS17004: Cannot use JSX unless the '--jsx' flag is provided.
client/src/pages/teacher-broadsheet.tsx(1425,41): error TS17004: Cannot use JSX unless the '--jsx' flag is provided.
client/src/pages/teacher-broadsheet.tsx(1426,41): error TS17004: Cannot use JSX unless the '--jsx' flag is provided.
client/src/pages/teacher-broadsheet.tsx(1426,42): error TS2304: Cannot find name 'Textarea'.
client/src/pages/teacher-broadsheet.tsx(1433,37): error TS17004: Cannot use JSX unless the '--jsx' flag is provided.
client/src/pages/teacher-broadsheet.tsx(1434,41): error TS17004: Cannot use JSX unless the '--jsx' flag is provided.
client/src/pages/teacher-broadsheet.tsx(1435,41): error TS17004: Cannot use JSX unless the '--jsx' flag is provided.
client/src/pages/teacher-broadsheet.tsx(1442,33): error TS17004: Cannot use JSX unless the '--jsx' flag is provided.
client/src/pages/teacher-broadsheet.tsx(1443,37): error TS17004: Cannot use JSX unless the '--jsx' flag is provided.
client/src/pages/teacher-broadsheet.tsx(1444,41): error TS17004: Cannot use JSX unless the '--jsx' flag is provided.
client/src/pages/teacher-broadsheet.tsx(1445,41): error TS17004: Cannot use JSX unless the '--jsx' flag is provided.
client/src/pages/teacher-broadsheet.tsx(1445,42): error TS2552: Cannot find name 'Input'. Did you mean 'oninput'?
client/src/pages/teacher-broadsheet.tsx(1452,37): error TS17004: Cannot use JSX unless the '--jsx' flag is provided.
client/src/pages/teacher-broadsheet.tsx(1453,41): error TS17004: Cannot use JSX unless the '--jsx' flag is provided.
client/src/pages/teacher-broadsheet.tsx(1454,41): error TS17004: Cannot use JSX unless the '--jsx' flag is provided.
client/src/pages/teacher-broadsheet.tsx(1454,42): error TS2552: Cannot find name 'Input'. Did you mean 'oninput'?
client/src/pages/teacher-broadsheet.tsx(1464,33): error TS17004: Cannot use JSX unless the '--jsx' flag is provided.
client/src/pages/teacher-broadsheet.tsx(1465,37): error TS17004: Cannot use JSX unless the '--jsx' flag is provided.
client/src/pages/teacher-broadsheet.tsx(1471,33): error TS17004: Cannot use JSX unless the '--jsx' flag is provided.
client/src/pages/teacher-broadsheet.tsx(1472,37): error TS17004: Cannot use JSX unless the '--jsx' flag is provided.
client/src/pages/teacher-broadsheet.tsx(1475,37): error TS17004: Cannot use JSX unless the '--jsx' flag is provided.
client/src/pages/teacher-broadsheet.tsx(1476,41): error TS17004: Cannot use JSX unless the '--jsx' flag is provided.
client/src/pages/teacher-broadsheet.tsx(1478,37): error TS17004: Cannot use JSX unless the '--jsx' flag is provided.
client/src/pages/teacher-broadsheet.tsx(1479,41): error TS17004: Cannot use JSX unless the '--jsx' flag is provided.
