client/src/pages/teacher-broadsheet.tsx(1383,46): error TS2552: Cannot find name 'Input'. Did you mean 'oninput'?
client/src/pages/teacher-broadsheet.tsx(1386,60): error TS7006: Parameter 'e' implicitly has an 'any' type.
client/src/pages/teacher-broadsheet.tsx(1389,46): error TS2552: Cannot find name 'Input'. Did you mean 'oninput'?
client/src/pages/teacher-broadsheet.tsx(1392,60): error TS7006: Parameter 'e' implicitly has an 'any' type.
client/src/pages/teacher-broadsheet.tsx(1398,42): error TS2552: Cannot find name 'Input'. Did you mean 'oninput'?
client/src/pages/teacher-broadsheet.tsx(1401,56): error TS7006: Parameter 'e' implicitly has an 'any' type.
client/src/pages/teacher-broadsheet.tsx(1406,42): error TS2552: Cannot find name 'Input'. Did you mean 'oninput'?
client/src/pages/teacher-broadsheet.tsx(1409,56): error TS7006: Parameter 'e' implicitly has an 'any' type.
client/src/pages/teacher-broadsheet.tsx(1414,42): error TS2552: Cannot find name 'Input'. Did you mean 'oninput'?
client/src/pages/teacher-broadsheet.tsx(1417,56): error TS7006: Parameter 'e' implicitly has an 'any' type.
client/src/pages/teacher-broadsheet.tsx(1426,42): error TS2304: Cannot find name 'Textarea'.
client/src/pages/teacher-broadsheet.tsx(1429,56): error TS7006: Parameter 'e' implicitly has an 'any' type.
client/src/pages/teacher-broadsheet.tsx(1445,42): error TS2552: Cannot find name 'Input'. Did you mean 'oninput'?
client/src/pages/teacher-broadsheet.tsx(1448,56): error TS7006: Parameter 'e' implicitly has an 'any' type.
client/src/pages/teacher-broadsheet.tsx(1454,42): error TS2552: Cannot find name 'Input'. Did you mean 'oninput'?
client/src/pages/teacher-broadsheet.tsx(1458,56): error TS7006: Parameter 'e' implicitly has an 'any' type.
client/src/pages/teacher-broadsheet.tsx(1476,42): error TS2304: Cannot find name 'Save'.
