client/src/pages/reports.tsx(2,24): error TS2307: Cannot find module '@/components/ui/button' or its corresponding type declarations.
client/src/pages/reports.tsx(3,75): error TS2307: Cannot find module '@/components/ui/card' or its corresponding type declarations.
client/src/pages/reports.tsx(4,79): error TS2307: Cannot find module '@/components/ui/table' or its corresponding type declarations.
client/src/pages/reports.tsx(5,79): error TS2307: Cannot find module '@/components/ui/select' or its corresponding type declarations.
client/src/pages/reports.tsx(6,23): error TS2307: Cannot find module '@/components/ui/label' or its corresponding type declarations.
client/src/pages/reports.tsx(7,23): error TS2307: Cannot find module '@/components/ui/badge' or its corresponding type declarations.
client/src/pages/reports.tsx(9,66): error TS2307: Cannot find module '@/components/ui/dialog' or its corresponding type declarations.
client/src/pages/reports.tsx(10,23): error TS2307: Cannot find module '@/components/ui/input' or its corresponding type declarations.
client/src/pages/reports.tsx(11,26): error TS2307: Cannot find module '@/components/ui/textarea' or its corresponding type declarations.
client/src/pages/reports.tsx(15,143): error TS2307: Cannot find module '@/lib/api' or its corresponding type declarations.
client/src/pages/reports.tsx(16,26): error TS2307: Cannot find module '@/hooks/use-toast' or its corresponding type declarations.
client/src/pages/reports.tsx(17,25): error TS2307: Cannot find module '@/contexts/AuthContext' or its corresponding type declarations.
client/src/pages/reports.tsx(18,50): error TS2307: Cannot find module '@/lib/grading' or its corresponding type declarations.
client/src/pages/reports.tsx(19,41): error TS2307: Cannot find module '@/components/ui/alert' or its corresponding type declarations.
client/src/pages/reports.tsx(846,7): error TS17004: Cannot use JSX unless the '--jsx' flag is provided.
client/src/pages/reports.tsx(847,9): error TS17004: Cannot use JSX unless the '--jsx' flag is provided.
client/src/pages/reports.tsx(854,7): error TS17004: Cannot use JSX unless the '--jsx' flag is provided.
client/src/pages/reports.tsx(855,9): error TS17004: Cannot use JSX unless the '--jsx' flag is provided.
client/src/pages/reports.tsx(856,11): error TS17004: Cannot use JSX unless the '--jsx' flag is provided.
client/src/pages/reports.tsx(857,11): error TS17004: Cannot use JSX unless the '--jsx' flag is provided.
client/src/pages/reports.tsx(866,11): error TS17004: Cannot use JSX unless the '--jsx' flag is provided.
client/src/pages/reports.tsx(867,13): error TS17004: Cannot use JSX unless the '--jsx' flag is provided.
client/src/pages/reports.tsx(868,13): error TS17004: Cannot use JSX unless the '--jsx' flag is provided.
client/src/pages/reports.tsx(875,9): error TS17004: Cannot use JSX unless the '--jsx' flag is provided.
client/src/pages/reports.tsx(876,11): error TS17004: Cannot use JSX unless the '--jsx' flag is provided.
client/src/pages/reports.tsx(877,13): error TS17004: Cannot use JSX unless the '--jsx' flag is provided.
client/src/pages/reports.tsx(879,11): error TS17004: Cannot use JSX unless the '--jsx' flag is provided.
client/src/pages/reports.tsx(880,13): error TS17004: Cannot use JSX unless the '--jsx' flag is provided.
client/src/pages/reports.tsx(881,15): error TS17004: Cannot use JSX unless the '--jsx' flag is provided.
client/src/pages/reports.tsx(882,17): error TS17004: Cannot use JSX unless the '--jsx' flag is provided.
client/src/pages/reports.tsx(883,17): error TS17004: Cannot use JSX unless the '--jsx' flag is provided.
client/src/pages/reports.tsx(884,19): error TS17004: Cannot use JSX unless the '--jsx' flag is provided.
client/src/pages/reports.tsx(885,21): error TS17004: Cannot use JSX unless the '--jsx' flag is provided.
client/src/pages/reports.tsx(887,19): error TS17004: Cannot use JSX unless the '--jsx' flag is provided.
client/src/pages/reports.tsx(889,23): error TS17004: Cannot use JSX unless the '--jsx' flag is provided.
client/src/pages/reports.tsx(899,15): error TS17004: Cannot use JSX unless the '--jsx' flag is provided.
client/src/pages/reports.tsx(900,17): error TS17004: Cannot use JSX unless the '--jsx' flag is provided.
client/src/pages/reports.tsx(901,17): error TS17004: Cannot use JSX unless the '--jsx' flag is provided.
client/src/pages/reports.tsx(903,21): error TS17004: Cannot use JSX unless the '--jsx' flag is provided.
client/src/pages/reports.tsx(913,25): error TS17004: Cannot use JSX unless the '--jsx' flag is provided.
client/src/pages/reports.tsx(923,9): error TS17004: Cannot use JSX unless the '--jsx' flag is provided.
client/src/pages/reports.tsx(932,15): error TS17004: Cannot use JSX unless the '--jsx' flag is provided.
client/src/pages/reports.tsx(939,17): error TS17004: Cannot use JSX unless the '--jsx' flag is provided.
client/src/pages/reports.tsx(940,19): error TS17004: Cannot use JSX unless the '--jsx' flag is provided.
client/src/pages/reports.tsx(941,21): error TS17004: Cannot use JSX unless the '--jsx' flag is provided.
client/src/pages/reports.tsx(942,21): error TS17004: Cannot use JSX unless the '--jsx' flag is provided.
client/src/pages/reports.tsx(945,17): error TS17004: Cannot use JSX unless the '--jsx' flag is provided.
client/src/pages/reports.tsx(946,19): error TS17004: Cannot use JSX unless the '--jsx' flag is provided.
client/src/pages/reports.tsx(947,21): error TS17004: Cannot use JSX unless the '--jsx' flag is provided.
client/src/pages/reports.tsx(948,21): error TS17004: Cannot use JSX unless the '--jsx' flag is provided.
client/src/pages/reports.tsx(949,21): error TS17004: Cannot use JSX unless the '--jsx' flag is provided.
client/src/pages/reports.tsx(954,21): error TS17004: Cannot use JSX unless the '--jsx' flag is provided.
client/src/pages/reports.tsx(965,11): error TS17004: Cannot use JSX unless the '--jsx' flag is provided.
client/src/pages/reports.tsx(966,13): error TS17004: Cannot use JSX unless the '--jsx' flag is provided.
client/src/pages/reports.tsx(988,5): error TS17004: Cannot use JSX unless the '--jsx' flag is provided.
client/src/pages/reports.tsx(989,7): error TS17004: Cannot use JSX unless the '--jsx' flag is provided.
client/src/pages/reports.tsx(990,9): error TS17004: Cannot use JSX unless the '--jsx' flag is provided.
client/src/pages/reports.tsx(991,11): error TS17004: Cannot use JSX unless the '--jsx' flag is provided.
client/src/pages/reports.tsx(997,13): error TS17004: Cannot use JSX unless the '--jsx' flag is provided.
client/src/pages/reports.tsx(999,11): error TS17004: Cannot use JSX unless the '--jsx' flag is provided.
client/src/pages/reports.tsx(1000,13): error TS17004: Cannot use JSX unless the '--jsx' flag is provided.
client/src/pages/reports.tsx(1001,13): error TS17004: Cannot use JSX unless the '--jsx' flag is provided.
client/src/pages/reports.tsx(1004,9): error TS17004: Cannot use JSX unless the '--jsx' flag is provided.
client/src/pages/reports.tsx(1005,11): error TS17004: Cannot use JSX unless the '--jsx' flag is provided.
client/src/pages/reports.tsx(1012,13): error TS17004: Cannot use JSX unless the '--jsx' flag is provided.
client/src/pages/reports.tsx(1014,11): error TS17004: Cannot use JSX unless the '--jsx' flag is provided.
client/src/pages/reports.tsx(1021,13): error TS17004: Cannot use JSX unless the '--jsx' flag is provided.
client/src/pages/reports.tsx(1023,11): error TS17004: Cannot use JSX unless the '--jsx' flag is provided.
client/src/pages/reports.tsx(1031,15): error TS17004: Cannot use JSX unless the '--jsx' flag is provided.
client/src/pages/reports.tsx(1033,15): error TS17004: Cannot use JSX unless the '--jsx' flag is provided.
client/src/pages/reports.tsx(1041,9): error TS17004: Cannot use JSX unless the '--jsx' flag is provided.
client/src/pages/reports.tsx(1042,11): error TS17004: Cannot use JSX unless the '--jsx' flag is provided.
client/src/pages/reports.tsx(1043,11): error TS17004: Cannot use JSX unless the '--jsx' flag is provided.
client/src/pages/reports.tsx(1049,7): error TS17004: Cannot use JSX unless the '--jsx' flag is provided.
client/src/pages/reports.tsx(1050,9): error TS17004: Cannot use JSX unless the '--jsx' flag is provided.
client/src/pages/reports.tsx(1051,11): error TS17004: Cannot use JSX unless the '--jsx' flag is provided.
client/src/pages/reports.tsx(1052,13): error TS17004: Cannot use JSX unless the '--jsx' flag is provided.
client/src/pages/reports.tsx(1053,13): error TS17004: Cannot use JSX unless the '--jsx' flag is provided.
client/src/pages/reports.tsx(1054,13): error TS17004: Cannot use JSX unless the '--jsx' flag is provided.
client/src/pages/reports.tsx(1057,9): error TS17004: Cannot use JSX unless the '--jsx' flag is provided.
client/src/pages/reports.tsx(1058,11): error TS17004: Cannot use JSX unless the '--jsx' flag is provided.
client/src/pages/reports.tsx(1059,13): error TS17004: Cannot use JSX unless the '--jsx' flag is provided.
client/src/pages/reports.tsx(1060,15): error TS17004: Cannot use JSX unless the '--jsx' flag is provided.
client/src/pages/reports.tsx(1060,21): error TS17004: Cannot use JSX unless the '--jsx' flag is provided.
client/src/pages/reports.tsx(1061,15): error TS17004: Cannot use JSX unless the '--jsx' flag is provided.
client/src/pages/reports.tsx(1061,21): error TS17004: Cannot use JSX unless the '--jsx' flag is provided.
client/src/pages/reports.tsx(1063,13): error TS17004: Cannot use JSX unless the '--jsx' flag is provided.
client/src/pages/reports.tsx(1066,11): error TS17004: Cannot use JSX unless the '--jsx' flag is provided.
client/src/pages/reports.tsx(1067,13): error TS17004: Cannot use JSX unless the '--jsx' flag is provided.
client/src/pages/reports.tsx(1068,15): error TS17004: Cannot use JSX unless the '--jsx' flag is provided.
client/src/pages/reports.tsx(1069,17): error TS17004: Cannot use JSX unless the '--jsx' flag is provided.
client/src/pages/reports.tsx(1070,19): error TS17004: Cannot use JSX unless the '--jsx' flag is provided.
client/src/pages/reports.tsx(1072,21): error TS17004: Cannot use JSX unless the '--jsx' flag is provided.
client/src/pages/reports.tsx(1076,19): error TS17004: Cannot use JSX unless the '--jsx' flag is provided.
client/src/pages/reports.tsx(1077,19): error TS17004: Cannot use JSX unless the '--jsx' flag is provided.
client/src/pages/reports.tsx(1078,19): error TS17004: Cannot use JSX unless the '--jsx' flag is provided.
client/src/pages/reports.tsx(1081,15): error TS17004: Cannot use JSX unless the '--jsx' flag is provided.
client/src/pages/reports.tsx(1090,21): error TS17004: Cannot use JSX unless the '--jsx' flag is provided.
client/src/pages/reports.tsx(1096,23): error TS17004: Cannot use JSX unless the '--jsx' flag is provided.
client/src/pages/reports.tsx(1103,27): error TS17004: Cannot use JSX unless the '--jsx' flag is provided.
client/src/pages/reports.tsx(1104,29): error TS17004: Cannot use JSX unless the '--jsx' flag is provided.
client/src/pages/reports.tsx(1111,29): error TS17004: Cannot use JSX unless the '--jsx' flag is provided.
client/src/pages/reports.tsx(1121,23): error TS17004: Cannot use JSX unless the '--jsx' flag is provided.
client/src/pages/reports.tsx(1124,23): error TS17004: Cannot use JSX unless the '--jsx' flag is provided.
client/src/pages/reports.tsx(1127,23): error TS17004: Cannot use JSX unless the '--jsx' flag is provided.
client/src/pages/reports.tsx(1134,19): error TS17004: Cannot use JSX unless the '--jsx' flag is provided.
client/src/pages/reports.tsx(1135,21): error TS17004: Cannot use JSX unless the '--jsx' flag is provided.
client/src/pages/reports.tsx(1144,11): error TS17004: Cannot use JSX unless the '--jsx' flag is provided.
client/src/pages/reports.tsx(1145,13): error TS17004: Cannot use JSX unless the '--jsx' flag is provided.
client/src/pages/reports.tsx(1146,15): error TS17004: Cannot use JSX unless the '--jsx' flag is provided.
client/src/pages/reports.tsx(1148,13): error TS17004: Cannot use JSX unless the '--jsx' flag is provided.
client/src/pages/reports.tsx(1149,15): error TS17004: Cannot use JSX unless the '--jsx' flag is provided.
client/src/pages/reports.tsx(1150,17): error TS17004: Cannot use JSX unless the '--jsx' flag is provided.
client/src/pages/reports.tsx(1152,15): error TS17004: Cannot use JSX unless the '--jsx' flag is provided.
client/src/pages/reports.tsx(1154,19): error TS17004: Cannot use JSX unless the '--jsx' flag is provided.
client/src/pages/reports.tsx(1164,7): error TS17004: Cannot use JSX unless the '--jsx' flag is provided.
client/src/pages/reports.tsx(1165,9): error TS17004: Cannot use JSX unless the '--jsx' flag is provided.
client/src/pages/reports.tsx(1166,11): error TS17004: Cannot use JSX unless the '--jsx' flag is provided.
client/src/pages/reports.tsx(1168,9): error TS17004: Cannot use JSX unless the '--jsx' flag is provided.
client/src/pages/reports.tsx(1169,11): error TS17004: Cannot use JSX unless the '--jsx' flag is provided.
client/src/pages/reports.tsx(1171,15): error TS17004: Cannot use JSX unless the '--jsx' flag is provided.
client/src/pages/reports.tsx(1172,17): error TS17004: Cannot use JSX unless the '--jsx' flag is provided.
client/src/pages/reports.tsx(1173,17): error TS17004: Cannot use JSX unless the '--jsx' flag is provided.
client/src/pages/reports.tsx(1174,17): error TS17004: Cannot use JSX unless the '--jsx' flag is provided.
client/src/pages/reports.tsx(1181,7): error TS17004: Cannot use JSX unless the '--jsx' flag is provided.
client/src/pages/reports.tsx(1182,9): error TS17004: Cannot use JSX unless the '--jsx' flag is provided.
client/src/pages/reports.tsx(1190,15): error TS17004: Cannot use JSX unless the '--jsx' flag is provided.
client/src/pages/reports.tsx(1192,17): error TS17004: Cannot use JSX unless the '--jsx' flag is provided.
client/src/pages/reports.tsx(1193,19): error TS17004: Cannot use JSX unless the '--jsx' flag is provided.
client/src/pages/reports.tsx(1194,21): error TS17004: Cannot use JSX unless the '--jsx' flag is provided.
client/src/pages/reports.tsx(1195,23): error TS17004: Cannot use JSX unless the '--jsx' flag is provided.
client/src/pages/reports.tsx(1197,21): error TS17004: Cannot use JSX unless the '--jsx' flag is provided.
client/src/pages/reports.tsx(1198,23): error TS17004: Cannot use JSX unless the '--jsx' flag is provided.
client/src/pages/reports.tsx(1199,23): error TS17004: Cannot use JSX unless the '--jsx' flag is provided.
client/src/pages/reports.tsx(1201,21): error TS17004: Cannot use JSX unless the '--jsx' flag is provided.
client/src/pages/reports.tsx(1203,19): error TS17004: Cannot use JSX unless the '--jsx' flag is provided.
client/src/pages/reports.tsx(1204,21): error TS17004: Cannot use JSX unless the '--jsx' flag is provided.
client/src/pages/reports.tsx(1205,23): error TS17004: Cannot use JSX unless the '--jsx' flag is provided.
client/src/pages/reports.tsx(1207,21): error TS17004: Cannot use JSX unless the '--jsx' flag is provided.
client/src/pages/reports.tsx(1208,23): error TS17004: Cannot use JSX unless the '--jsx' flag is provided.
client/src/pages/reports.tsx(1208,26): error TS17004: Cannot use JSX unless the '--jsx' flag is provided.
client/src/pages/reports.tsx(1209,23): error TS17004: Cannot use JSX unless the '--jsx' flag is provided.
client/src/pages/reports.tsx(1210,23): error TS17004: Cannot use JSX unless the '--jsx' flag is provided.
client/src/pages/reports.tsx(1213,19): error TS17004: Cannot use JSX unless the '--jsx' flag is provided.
client/src/pages/reports.tsx(1214,21): error TS17004: Cannot use JSX unless the '--jsx' flag is provided.
client/src/pages/reports.tsx(1219,17): error TS17004: Cannot use JSX unless the '--jsx' flag is provided.
client/src/pages/reports.tsx(1220,19): error TS17004: Cannot use JSX unless the '--jsx' flag is provided.
client/src/pages/reports.tsx(1221,21): error TS17004: Cannot use JSX unless the '--jsx' flag is provided.
client/src/pages/reports.tsx(1222,21): error TS17004: Cannot use JSX unless the '--jsx' flag is provided.
client/src/pages/reports.tsx(1224,19): error TS17004: Cannot use JSX unless the '--jsx' flag is provided.
client/src/pages/reports.tsx(1225,21): error TS17004: Cannot use JSX unless the '--jsx' flag is provided.
client/src/pages/reports.tsx(1226,21): error TS17004: Cannot use JSX unless the '--jsx' flag is provided.
client/src/pages/reports.tsx(1228,19): error TS17004: Cannot use JSX unless the '--jsx' flag is provided.
client/src/pages/reports.tsx(1229,21): error TS17004: Cannot use JSX unless the '--jsx' flag is provided.
client/src/pages/reports.tsx(1230,23): error TS17004: Cannot use JSX unless the '--jsx' flag is provided.
client/src/pages/reports.tsx(1231,23): error TS17004: Cannot use JSX unless the '--jsx' flag is provided.
client/src/pages/reports.tsx(1233,21): error TS17004: Cannot use JSX unless the '--jsx' flag is provided.
client/src/pages/reports.tsx(1234,23): error TS17004: Cannot use JSX unless the '--jsx' flag is provided.
client/src/pages/reports.tsx(1235,23): error TS17004: Cannot use JSX unless the '--jsx' flag is provided.
client/src/pages/reports.tsx(1238,19): error TS17004: Cannot use JSX unless the '--jsx' flag is provided.
client/src/pages/reports.tsx(1239,21): error TS17004: Cannot use JSX unless the '--jsx' flag is provided.
client/src/pages/reports.tsx(1240,23): error TS17004: Cannot use JSX unless the '--jsx' flag is provided.
client/src/pages/reports.tsx(1241,23): error TS17004: Cannot use JSX unless the '--jsx' flag is provided.
client/src/pages/reports.tsx(1243,21): error TS17004: Cannot use JSX unless the '--jsx' flag is provided.
client/src/pages/reports.tsx(1244,23): error TS17004: Cannot use JSX unless the '--jsx' flag is provided.
client/src/pages/reports.tsx(1245,23): error TS17004: Cannot use JSX unless the '--jsx' flag is provided.
client/src/pages/reports.tsx(1255,17): error TS17004: Cannot use JSX unless the '--jsx' flag is provided.
client/src/pages/reports.tsx(1256,19): error TS17004: Cannot use JSX unless the '--jsx' flag is provided.
client/src/pages/reports.tsx(1257,21): error TS17004: Cannot use JSX unless the '--jsx' flag is provided.
client/src/pages/reports.tsx(1258,23): error TS17004: Cannot use JSX unless the '--jsx' flag is provided.
client/src/pages/reports.tsx(1259,25): error TS17004: Cannot use JSX unless the '--jsx' flag is provided.
client/src/pages/reports.tsx(1260,25): error TS17004: Cannot use JSX unless the '--jsx' flag is provided.
client/src/pages/reports.tsx(1261,27): error TS17004: Cannot use JSX unless the '--jsx' flag is provided.
client/src/pages/reports.tsx(1262,27): error TS17004: Cannot use JSX unless the '--jsx' flag is provided.
client/src/pages/reports.tsx(1263,27): error TS17004: Cannot use JSX unless the '--jsx' flag is provided.
client/src/pages/reports.tsx(1265,25): error TS17004: Cannot use JSX unless the '--jsx' flag is provided.
client/src/pages/reports.tsx(1266,27): error TS17004: Cannot use JSX unless the '--jsx' flag is provided.
client/src/pages/reports.tsx(1267,27): error TS17004: Cannot use JSX unless the '--jsx' flag is provided.
client/src/pages/reports.tsx(1268,27): error TS17004: Cannot use JSX unless the '--jsx' flag is provided.
client/src/pages/reports.tsx(1270,25): error TS17004: Cannot use JSX unless the '--jsx' flag is provided.
client/src/pages/reports.tsx(1271,27): error TS17004: Cannot use JSX unless the '--jsx' flag is provided.
client/src/pages/reports.tsx(1272,27): error TS17004: Cannot use JSX unless the '--jsx' flag is provided.
client/src/pages/reports.tsx(1274,25): error TS17004: Cannot use JSX unless the '--jsx' flag is provided.
client/src/pages/reports.tsx(1275,25): error TS17004: Cannot use JSX unless the '--jsx' flag is provided.
client/src/pages/reports.tsx(1276,25): error TS17004: Cannot use JSX unless the '--jsx' flag is provided.
client/src/pages/reports.tsx(1279,21): error TS17004: Cannot use JSX unless the '--jsx' flag is provided.
client/src/pages/reports.tsx(1285,27): error TS17004: Cannot use JSX unless the '--jsx' flag is provided.
client/src/pages/reports.tsx(1286,29): error TS17004: Cannot use JSX unless the '--jsx' flag is provided.
client/src/pages/reports.tsx(1287,29): error TS17004: Cannot use JSX unless the '--jsx' flag is provided.
client/src/pages/reports.tsx(1288,29): error TS17004: Cannot use JSX unless the '--jsx' flag is provided.
client/src/pages/reports.tsx(1289,29): error TS17004: Cannot use JSX unless the '--jsx' flag is provided.
client/src/pages/reports.tsx(1290,29): error TS17004: Cannot use JSX unless the '--jsx' flag is provided.
client/src/pages/reports.tsx(1291,29): error TS17004: Cannot use JSX unless the '--jsx' flag is provided.
client/src/pages/reports.tsx(1294,29): error TS17004: Cannot use JSX unless the '--jsx' flag is provided.
client/src/pages/reports.tsx(1301,23): error TS17004: Cannot use JSX unless the '--jsx' flag is provided.
client/src/pages/reports.tsx(1302,25): error TS17004: Cannot use JSX unless the '--jsx' flag is provided.
client/src/pages/reports.tsx(1303,25): error TS17004: Cannot use JSX unless the '--jsx' flag is provided.
client/src/pages/reports.tsx(1304,25): error TS17004: Cannot use JSX unless the '--jsx' flag is provided.
client/src/pages/reports.tsx(1305,25): error TS17004: Cannot use JSX unless the '--jsx' flag is provided.
client/src/pages/reports.tsx(1306,25): error TS17004: Cannot use JSX unless the '--jsx' flag is provided.
client/src/pages/reports.tsx(1307,25): error TS17004: Cannot use JSX unless the '--jsx' flag is provided.
client/src/pages/reports.tsx(1308,25): error TS17004: Cannot use JSX unless the '--jsx' flag is provided.
client/src/pages/reports.tsx(1311,23): error TS17004: Cannot use JSX unless the '--jsx' flag is provided.
client/src/pages/reports.tsx(1312,25): error TS17004: Cannot use JSX unless the '--jsx' flag is provided.
client/src/pages/reports.tsx(1313,25): error TS17004: Cannot use JSX unless the '--jsx' flag is provided.
client/src/pages/reports.tsx(1314,25): error TS17004: Cannot use JSX unless the '--jsx' flag is provided.
client/src/pages/reports.tsx(1315,25): error TS17004: Cannot use JSX unless the '--jsx' flag is provided.
client/src/pages/reports.tsx(1316,25): error TS17004: Cannot use JSX unless the '--jsx' flag is provided.
client/src/pages/reports.tsx(1317,25): error TS17004: Cannot use JSX unless the '--jsx' flag is provided.
client/src/pages/reports.tsx(1318,25): error TS17004: Cannot use JSX unless the '--jsx' flag is provided.
client/src/pages/reports.tsx(1325,17): error TS17004: Cannot use JSX unless the '--jsx' flag is provided.
client/src/pages/reports.tsx(1326,19): error TS17004: Cannot use JSX unless the '--jsx' flag is provided.
client/src/pages/reports.tsx(1327,21): error TS17004: Cannot use JSX unless the '--jsx' flag is provided.
client/src/pages/reports.tsx(1328,21): error TS17004: Cannot use JSX unless the '--jsx' flag is provided.
client/src/pages/reports.tsx(1335,21): error TS17004: Cannot use JSX unless the '--jsx' flag is provided.
client/src/pages/reports.tsx(1336,21): error TS17004: Cannot use JSX unless the '--jsx' flag is provided.
client/src/pages/reports.tsx(1344,19): error TS17004: Cannot use JSX unless the '--jsx' flag is provided.
client/src/pages/reports.tsx(1345,21): error TS17004: Cannot use JSX unless the '--jsx' flag is provided.
client/src/pages/reports.tsx(1346,21): error TS17004: Cannot use JSX unless the '--jsx' flag is provided.
client/src/pages/reports.tsx(1354,19): error TS17004: Cannot use JSX unless the '--jsx' flag is provided.
client/src/pages/reports.tsx(1355,21): error TS17004: Cannot use JSX unless the '--jsx' flag is provided.
client/src/pages/reports.tsx(1356,21): error TS17004: Cannot use JSX unless the '--jsx' flag is provided.
client/src/pages/reports.tsx(1364,19): error TS17004: Cannot use JSX unless the '--jsx' flag is provided.
client/src/pages/reports.tsx(1365,21): error TS17004: Cannot use JSX unless the '--jsx' flag is provided.
client/src/pages/reports.tsx(1366,21): error TS17004: Cannot use JSX unless the '--jsx' flag is provided.
client/src/pages/reports.tsx(1377,17): error TS17004: Cannot use JSX unless the '--jsx' flag is provided.
client/src/pages/reports.tsx(1378,19): error TS17004: Cannot use JSX unless the '--jsx' flag is provided.
client/src/pages/reports.tsx(1379,21): error TS17004: Cannot use JSX unless the '--jsx' flag is provided.
client/src/pages/reports.tsx(1380,21): error TS17004: Cannot use JSX unless the '--jsx' flag is provided.
client/src/pages/reports.tsx(1394,19): error TS17004: Cannot use JSX unless the '--jsx' flag is provided.
client/src/pages/reports.tsx(1395,21): error TS17004: Cannot use JSX unless the '--jsx' flag is provided.
client/src/pages/reports.tsx(1396,21): error TS17004: Cannot use JSX unless the '--jsx' flag is provided.
client/src/pages/reports.tsx(1403,17): error TS17004: Cannot use JSX unless the '--jsx' flag is provided.
client/src/pages/reports.tsx(1404,19): error TS17004: Cannot use JSX unless the '--jsx' flag is provided.
client/src/pages/reports.tsx(1405,21): error TS17004: Cannot use JSX unless the '--jsx' flag is provided.
client/src/pages/reports.tsx(1406,21): error TS17004: Cannot use JSX unless the '--jsx' flag is provided.
client/src/pages/reports.tsx(1414,19): error TS17004: Cannot use JSX unless the '--jsx' flag is provided.
client/src/pages/reports.tsx(1415,21): error TS17004: Cannot use JSX unless the '--jsx' flag is provided.
client/src/pages/reports.tsx(1416,21): error TS17004: Cannot use JSX unless the '--jsx' flag is provided.
client/src/pages/reports.tsx(1430,17): error TS17004: Cannot use JSX unless the '--jsx' flag is provided.
client/src/pages/reports.tsx(1431,19): error TS17004: Cannot use JSX unless the '--jsx' flag is provided.
client/src/pages/reports.tsx(1437,17): error TS17004: Cannot use JSX unless the '--jsx' flag is provided.
client/src/pages/reports.tsx(1438,19): error TS17004: Cannot use JSX unless the '--jsx' flag is provided.
client/src/pages/reports.tsx(1441,19): error TS17004: Cannot use JSX unless the '--jsx' flag is provided.
client/src/pages/reports.tsx(1477,21): error TS17004: Cannot use JSX unless the '--jsx' flag is provided.
client/src/pages/reports.tsx(1479,19): error TS17004: Cannot use JSX unless the '--jsx' flag is provided.
client/src/pages/reports.tsx(1480,21): error TS17004: Cannot use JSX unless the '--jsx' flag is provided.
